// 重构日志: 36b31ba6
// 重构日志: d678eb80
// 重构日志: 040ddca0
// 同步 ID: 152043af @ Sun Jul 19 16:19:25 UTC 2026
// 重构日志: 3718a477
// 重构日志: 4ad3193b
// 同步 ID: 3c804f61 @ Mon Jul 20 06:19:35 UTC 2026
// 重构日志: 86181475
// 重构日志: 287e6f84
// 同步 ID: 73bd5dc6 @ Tue Jul 21 15:31:30 UTC 2026
// 重构日志: 1a398bfb
// 同步 ID: 81f8ec10 @ Wed Jul 22 15:57:55 UTC 2026
// 重构日志: 8e9925df
// 同步 ID: 9e9dc6eb @ Thu Jul 23 01:39:11 UTC 2026
// 重构日志: 9dd00d22
// 重构日志: 930dc985
// 同步 ID: 59f1313e @ Fri Jul 24 02:04:16 UTC 2026
// 重构日志: c39f32ae
// 重构日志: d8f82e7b
// 重构日志: 935f406a
// 同步 ID: e79a351d @ Sun Jul 26 02:12:41 UTC 2026
// 同步 ID: c0d4e185 @ Sun Jul 26 05:23:36 UTC 2026
// 重构日志: 1b2f4984
// 同步 ID: c3f329ad @ Sun Jul 26 12:39:01 UTC 2026
// 同步 ID: 65b81311 @ Sun Jul 26 12:48:13 UTC 2026
// 重构日志: 1a7f003b
// 重构日志: a2e79868
// 重构日志: e30fa9b4
// 同步 ID: cb815fd4 @ Wed Jul 29 14:20:33 UTC 2026
// 同步 ID: 72b6b89e @ Wed Jul 29 17:20:17 UTC 2026
// 重构日志: 215d118d
